

Fri Jul 11 09:34:00 2025
Command line: TestDisk

TestDisk 7.2, Data Recovery Utility, February 2024
Christophe GRENIER <grenier@cgsecurity.org>
https://www.cgsecurity.org
OS: Darwin, kernel 24.5.0 (Darwin Kernel Version 24.5.0: Tue Apr 22 19:54:43 PDT 2025; root:xnu-11417.121.6~2/RELEASE_ARM64_T8132) arm64
Compiler: GCC 4.2
ext2fs lib: none, ntfs lib: none, reiserfs lib: none, ewf lib: none, curses lib: ncurses 6.0
Hard disk list
Disk /dev/disk0 - 251 GB / 233 GiB - 61279344 sectors (RO), sector size=4096
Disk /dev/disk2 - 5368 MB / 5119 MiB - 1310709 sectors (RO), sector size=4096
Disk /dev/disk4 - 268 MB / 256 MiB - 524362 sectors (RO), sector size=512
Disk /dev/rdisk0 - 251 GB / 233 GiB - 61279344 sectors (RO), sector size=4096
Disk /dev/rdisk1 - 524 MB / 500 MiB - 128000 sectors (RO), sector size=4096
Disk /dev/rdisk2 - 5368 MB / 5119 MiB - 1310709 sectors (RO), sector size=4096
Disk /dev/rdisk3 - 245 GB / 228 GiB - 59840624 sectors (RO), sector size=4096
Disk /dev/rdisk4 - 268 MB / 256 MiB - 524362 sectors (RO), sector size=512

Partition table type (auto): EFI GPT
Media is opened in read-only.
Disk /dev/disk0 - 251 GB / 233 GiB (RO)
Partition table type: Intel

Analyse Disk /dev/disk0 - 251 GB / 233 GiB - 61279344 sectors (RO)
Geometry from i386 MBR: head=255 sector=63
BAD_RS LBA=1 1339
check_part_i386 1 type EE: no test
get_geometry_from_list_part_aux head=1 nbr=2
get_geometry_from_list_part_aux head=8 nbr=2
get_geometry_from_list_part_aux head=16 nbr=2
get_geometry_from_list_part_aux head=32 nbr=1
get_geometry_from_list_part_aux head=64 nbr=1
get_geometry_from_list_part_aux head=128 nbr=1
get_geometry_from_list_part_aux head=240 nbr=1
get_geometry_from_list_part_aux head=255 nbr=1
Current partition structure:
 1 P EFI GPT                        1   61279343   61279343

Warning: Bad starting sector (CHS and LBA don't match)
No partition is bootable

search_part()
Disk /dev/disk0 - 251 GB / 233 GiB - 61279344 sectors (RO)

recover_APFS: s_blocksize=0
recover_APFS: s_blocks_count 128000
recover_APFS: part_size 128000
     Linux                          6     128005     128000

recover_APFS: s_blocksize=0
recover_APFS: s_blocks_count 59840624
recover_APFS: part_size 59840624
     Linux                     128006   59968629   59840624

recover_APFS: s_blocksize=0
recover_APFS: s_blocks_count 1310709
recover_APFS: part_size 1310709
     Linux                   59968630   61279338    1310709
get_geometry_from_list_part_aux head=1 nbr=6

Results
   * Linux                          6     128005     128000
   P Linux                     128006   59968629   59840624
   P Linux                   59968630   61279338    1310709

interface_write()
 1 * Linux                          6     128005     128000
 2 P Linux                     128006   59968629   59840624
 3 P Linux                   59968630   61279338    1310709
simulate write!

write_mbr_i386: starting...
write_all_log_i386: starting...
No extended partition
Partition table type (auto): None
Media is opened in read-only.
Disk /dev/disk2 - 5368 MB / 5119 MiB (RO)
Partition table type: Intel

Analyse Disk /dev/disk2 - 5368 MB / 5119 MiB - 1310709 sectors (RO)
Current partition structure:

Partition sector doesn't have the endmark 0xAA55

search_part()
Disk /dev/disk2 - 5368 MB / 5119 MiB - 1310709 sectors (RO)

recover_APFS: s_blocksize=0
recover_APFS: s_blocks_count 1310709
recover_APFS: part_size 1310709
     Linux                          2    1310710    1310709
This partition ends after the disk limits. (start=2, size=1310709, end=1310710, disk end=1310709)

recover_APFS: s_blocksize=0
recover_APFS: s_blocks_count 1310709
recover_APFS: part_size 1310709
     Linux                          4    1310712    1310709
This partition ends after the disk limits. (start=4, size=1310709, end=1310712, disk end=1310709)

recover_APFS: s_blocksize=0
recover_APFS: s_blocks_count 1310709
recover_APFS: part_size 1310709
     Linux                          6    1310714    1310709
This partition ends after the disk limits. (start=6, size=1310709, end=1310714, disk end=1310709)

recover_APFS: s_blocksize=0
recover_APFS: s_blocks_count 1310709
recover_APFS: part_size 1310709
     Linux                          8    1310716    1310709
This partition ends after the disk limits. (start=8, size=1310709, end=1310716, disk end=1310709)

recover_APFS: s_blocksize=0
recover_APFS: s_blocks_count 1310709
recover_APFS: part_size 1310709
     Linux                         10    1310718    1310709
This partition ends after the disk limits. (start=10, size=1310709, end=1310718, disk end=1310709)

recover_APFS: s_blocksize=0
recover_APFS: s_blocks_count 1310709
recover_APFS: part_size 1310709
     Linux                         12    1310720    1310709
This partition ends after the disk limits. (start=12, size=1310709, end=1310720, disk end=1310709)

recover_APFS: s_blocksize=0
recover_APFS: s_blocks_count 1310709
recover_APFS: part_size 1310709
     Linux                         14    1310722    1310709
This partition ends after the disk limits. (start=14, size=1310709, end=1310722, disk end=1310709)

recover_APFS: s_blocksize=0
recover_APFS: s_blocks_count 1310709
recover_APFS: part_size 1310709
     Linux                         16    1310724    1310709
This partition ends after the disk limits. (start=16, size=1310709, end=1310724, disk end=1310709)

recover_APFS: s_blocksize=0
recover_APFS: s_blocks_count 1310709
recover_APFS: part_size 1310709
     Linux                         18    1310726    1310709
This partition ends after the disk limits. (start=18, size=1310709, end=1310726, disk end=1310709)

recover_APFS: s_blocksize=0
recover_APFS: s_blocks_count 1310709
recover_APFS: part_size 1310709
     Linux                         20    1310728    1310709
This partition ends after the disk limits. (start=20, size=1310709, end=1310728, disk end=1310709)

recover_APFS: s_blocksize=0
recover_APFS: s_blocks_count 1310709
recover_APFS: part_size 1310709
     Linux                         22    1310730    1310709
This partition ends after the disk limits. (start=22, size=1310709, end=1310730, disk end=1310709)

recover_APFS: s_blocksize=0
recover_APFS: s_blocks_count 1310709
recover_APFS: part_size 1310709
     Linux                         24    1310732    1310709
This partition ends after the disk limits. (start=24, size=1310709, end=1310732, disk end=1310709)

recover_APFS: s_blocksize=0
recover_APFS: s_blocks_count 1310709
recover_APFS: part_size 1310709
     Linux                         26    1310734    1310709
This partition ends after the disk limits. (start=26, size=1310709, end=1310734, disk end=1310709)

recover_APFS: s_blocksize=0
recover_APFS: s_blocks_count 1310709
recover_APFS: part_size 1310709
     Linux                         28    1310736    1310709
This partition ends after the disk limits. (start=28, size=1310709, end=1310736, disk end=1310709)

recover_APFS: s_blocksize=0
recover_APFS: s_blocks_count 1310709
recover_APFS: part_size 1310709
     Linux                         30    1310738    1310709
This partition ends after the disk limits. (start=30, size=1310709, end=1310738, disk end=1310709)

recover_APFS: s_blocksize=0
recover_APFS: s_blocks_count 1310709
recover_APFS: part_size 1310709
     Linux                         32    1310740    1310709
This partition ends after the disk limits. (start=32, size=1310709, end=1310740, disk end=1310709)

recover_APFS: s_blocksize=0
recover_APFS: s_blocks_count 1310709
recover_APFS: part_size 1310709
     Linux                         34    1310742    1310709
This partition ends after the disk limits. (start=34, size=1310709, end=1310742, disk end=1310709)

recover_APFS: s_blocksize=0
recover_APFS: s_blocks_count 1310709
recover_APFS: part_size 1310709
     Linux                         36    1310744    1310709
This partition ends after the disk limits. (start=36, size=1310709, end=1310744, disk end=1310709)

recover_APFS: s_blocksize=0
recover_APFS: s_blocks_count 1310709
recover_APFS: part_size 1310709
     Linux                         38    1310746    1310709
This partition ends after the disk limits. (start=38, size=1310709, end=1310746, disk end=1310709)

recover_APFS: s_blocksize=0
recover_APFS: s_blocks_count 1310709
recover_APFS: part_size 1310709
     Linux                         40    1310748    1310709
This partition ends after the disk limits. (start=40, size=1310709, end=1310748, disk end=1310709)

recover_APFS: s_blocksize=0
recover_APFS: s_blocks_count 1310709
recover_APFS: part_size 1310709
     Linux                         42    1310750    1310709
This partition ends after the disk limits. (start=42, size=1310709, end=1310750, disk end=1310709)

recover_APFS: s_blocksize=0
recover_APFS: s_blocks_count 1310709
recover_APFS: part_size 1310709
     Linux                         44    1310752    1310709
This partition ends after the disk limits. (start=44, size=1310709, end=1310752, disk end=1310709)

recover_APFS: s_blocksize=0
recover_APFS: s_blocks_count 1310709
recover_APFS: part_size 1310709
     Linux                         46    1310754    1310709
This partition ends after the disk limits. (start=46, size=1310709, end=1310754, disk end=1310709)

recover_APFS: s_blocksize=0
recover_APFS: s_blocks_count 1310709
recover_APFS: part_size 1310709
     Linux                         48    1310756    1310709
This partition ends after the disk limits. (start=48, size=1310709, end=1310756, disk end=1310709)
Disk /dev/disk2 - 5368 MB / 5119 MiB - 1310709 sectors (RO)
Check the hard disk size: HD jumper settings, BIOS detection...
The hard disk (5368 MB / 5119 MiB) seems too small! (< 5368 MB / 5120 MiB)
The following partitions can't be recovered:
     Linux                          2    1310710    1310709
     Linux                          4    1310712    1310709
     Linux                          6    1310714    1310709
     Linux                          8    1310716    1310709
     Linux                         10    1310718    1310709
     Linux                         12    1310720    1310709
     Linux                         14    1310722    1310709
     Linux                         16    1310724    1310709
     Linux                         18    1310726    1310709
     Linux                         20    1310728    1310709
     Linux                         22    1310730    1310709
     Linux                         24    1310732    1310709
     Linux                         26    1310734    1310709
     Linux                         28    1310736    1310709
     Linux                         30    1310738    1310709
     Linux                         32    1310740    1310709
     Linux                         34    1310742    1310709
     Linux                         36    1310744    1310709
     Linux                         38    1310746    1310709
     Linux                         40    1310748    1310709
     Linux                         42    1310750    1310709
     Linux                         44    1310752    1310709
     Linux                         46    1310754    1310709
     Linux                         48    1310756    1310709

Results

interface_write()
 
No partition found or selected for recovery
simulate write!

write_mbr_i386: starting...
Store new MBR code
write_all_log_i386: starting...
No extended partition
SIGINT detected! PhotoRec has been killed.
SIGINT detected! PhotoRec has been killed.
